
> react-kavia@0.1.0 start
> react-scripts start

(node:528) [DEP_WEBPACK_DEV_SERVER_ON_AFTER_SETUP_MIDDLEWARE] DeprecationWarning: 'onAfterSetupMiddleware' option is deprecated. Please use the 'setupMiddlewares' option.
(Use `node --trace-deprecation ...` to show where the warning was created)
(node:528) [DEP_WEBPACK_DEV_SERVER_ON_BEFORE_SETUP_MIDDLEWARE] DeprecationWarning: 'onBeforeSetupMiddleware' option is deprecated. Please use the 'setupMiddlewares' option.
Starting the development server...

Compiled successfully!

You can now view react-kavia in the browser.

  Local:            http://localhost:3000
  On Your Network:  http://172.17.0.2:3000

Note that the development build is not optimized.
To create a production build, use npm run build.

webpack compiled successfully
Compiling...
Failed to compile.

[eslint] 
src/App.js
Syntax error: Unexpected token, expected "," (199:50) (199:50)
ERROR in [eslint] 
src/App.js
  Line 199:50:  Parsing error: Unexpected token, expected "," (199:50)

webpack compiled with 1 error
Compiling...
Failed to compile.

[eslint] 
src/App.js
Syntax error: Unexpected token, expected "," (199:50) (199:50)
ERROR in ./src/App.js
Module build failed (from ./node_modules/babel-loader/lib/index.js):
SyntaxError: /home/kavia/workspace/code-generation/wavelog-103462-e389e91d/wavelog_main/src/App.js: Unexpected token, expected "," (199:50)

  197 |     // Simulate daily reminder at app load/daily: for demo, alert on mount once.
  198 |     setTimeout(() => {
> 199 |       alert('🌊 SurfSync: Did you surf today? Don't forget to log your session!');
      |                                                   ^
  200 |     }, 800);
  201 |   }, []);
  202 |
    at constructor (/home/kavia/workspace/code-generation/wavelog-103462-e389e91d/wavelog_main/node_modules/@babel/parser/lib/index.js:360:19)
    at FlowParserMixin.raise (/home/kavia/workspace/code-generation/wavelog-103462-e389e91d/wavelog_main/node_modules/@babel/parser/lib/index.js:3327:19)
    at FlowParserMixin.unexpected (/home/kavia/workspace/code-generation/wavelog-103462-e389e91d/wavelog_main/node_modules/@babel/parser/lib/index.js:3347:16)
    at FlowParserMixin.expect (/home/kavia/workspace/code-generation/wavelog-103462-e389e91d/wavelog_main/node_modules/@babel/parser/lib/index.js:3657:12)
    at FlowParserMixin.parseCallExpressionArguments (/home/kavia/workspace/code-generation/wavelog-103462-e389e91d/wavelog_main/node_modules/@babel/parser/lib/index.js:10918:14)
    at FlowParserMixin.parseCoverCallAndAsyncArrowHead (/home/kavia/workspace/code-generation/wavelog-103462-e389e91d/wavelog_main/node_modules/@babel/parser/lib/index.js:10861:29)
    at FlowParserMixin.parseSubscript (/home/kavia/workspace/code-generation/wavelog-103462-e389e91d/wavelog_main/node_modules/@babel/parser/lib/index.js:10798:19)
    at FlowParserMixin.parseSubscript (/home/kavia/workspace/code-generation/wavelog-103462-e389e91d/wavelog_main/node_modules/@babel/parser/lib/index.js:5874:18)
    at FlowParserMixin.parseSubscripts (/home/kavia/workspace/code-generation/wavelog-103462-e389e91d/wavelog_main/node_modules/@babel/parser/lib/index.js:10771:19)
    at FlowParserMixin.parseSubscripts (/home/kavia/workspace/code-generation/wavelog-103462-e389e91d/wavelog_main/node_modules/@babel/parser/lib/index.js:5840:18)
    at FlowParserMixin.parseExprSubscripts (/home/kavia/workspace/code-generation/wavelog-103462-e389e91d/wavelog_main/node_modules/@babel/parser/lib/index.js:10762:17)
    at FlowParserMixin.parseUpdate (/home/kavia/workspace/code-generation/wavelog-103462-e389e91d/wavelog_main/node_modules/@babel/parser/lib/index.js:10743:21)
    at FlowParserMixin.parseMaybeUnary (/home/kavia/workspace/code-generation/wavelog-103462-e389e91d/wavelog_main/node_modules/@babel/parser/lib/index.js:10723:23)
    at FlowParserMixin.parseMaybeUnaryOrPrivate (/home/kavia/workspace/code-generation/wavelog-103462-e389e91d/wavelog_main/node_modules/@babel/parser/lib/index.js:10576:61)
    at FlowParserMixin.parseExprOps (/home/kavia/workspace/code-generation/wavelog-103462-e389e91d/wavelog_main/node_modules/@babel/parser/lib/index.js:10581:23)
    at FlowParserMixin.parseMaybeConditional (/home/kavia/workspace/code-generation/wavelog-103462-e389e91d/wavelog_main/node_modules/@babel/parser/lib/index.js:10558:23)
    at FlowParserMixin.parseMaybeAssign (/home/kavia/workspace/code-generation/wavelog-103462-e389e91d/wavelog_main/node_modules/@babel/parser/lib/index.js:10521:21)
    at FlowParserMixin.parseMaybeAssign (/home/kavia/workspace/code-generation/wavelog-103462-e389e91d/wavelog_main/node_modules/@babel/parser/lib/index.js:5773:18)
    at FlowParserMixin.parseExpressionBase (/home/kavia/workspace/code-generation/wavelog-103462-e389e91d/wavelog_main/node_modules/@babel/parser/lib/index.js:10475:23)
    at /home/kavia/workspace/code-generation/wavelog-103462-e389e91d/wavelog_main/node_modules/@babel/parser/lib/index.js:10471:39
    at FlowParserMixin.allowInAnd (/home/kavia/workspace/code-generation/wavelog-103462-e389e91d/wavelog_main/node_modules/@babel/parser/lib/index.js:12095:16)
    at FlowParserMixin.parseExpression (/home/kavia/workspace/code-generation/wavelog-103462-e389e91d/wavelog_main/node_modules/@babel/parser/lib/index.js:10471:17)
    at FlowParserMixin.parseStatementContent (/home/kavia/workspace/code-generation/wavelog-103462-e389e91d/wavelog_main/node_modules/@babel/parser/lib/index.js:12539:23)
    at FlowParserMixin.parseStatementLike (/home/kavia/workspace/code-generation/wavelog-103462-e389e91d/wavelog_main/node_modules/@babel/parser/lib/index.js:12406:17)
    at FlowParserMixin.parseStatementLike (/home/kavia/workspace/code-generation/wavelog-103462-e389e91d/wavelog_main/node_modules/@babel/parser/lib/index.js:5140:24)
    at FlowParserMixin.parseStatementListItem (/home/kavia/workspace/code-generation/wavelog-103462-e389e91d/wavelog_main/node_modules/@babel/parser/lib/index.js:12386:17)
    at FlowParserMixin.parseBlockOrModuleBlockBody (/home/kavia/workspace/code-generation/wavelog-103462-e389e91d/wavelog_main/node_modules/@babel/parser/lib/index.js:12960:61)
    at FlowParserMixin.parseBlockBody (/home/kavia/workspace/code-generation/wavelog-103462-e389e91d/wavelog_main/node_modules/@babel/parser/lib/index.js:12953:10)
    at FlowParserMixin.parseBlock (/home/kavia/workspace/code-generation/wavelog-103462-e389e91d/wavelog_main/node_modules/@babel/parser/lib/index.js:12941:10)
    at FlowParserMixin.parseFunctionBody (/home/kavia/workspace/code-generation/wavelog-103462-e389e91d/wavelog_main/node_modules/@babel/parser/lib/index.js:11783:24)
    at /home/kavia/workspace/code-generation/wavelog-103462-e389e91d/wavelog_main/node_modules/@babel/parser/lib/index.js:5114:63
    at FlowParserMixin.forwardNoArrowParamsConversionAt (/home/kavia/workspace/code-generation/wavelog-103462-e389e91d/wavelog_main/node_modules/@babel/parser/lib/index.js:5290:16)
    at FlowParserMixin.parseFunctionBody (/home/kavia/workspace/code-generation/wavelog-103462-e389e91d/wavelog_main/node_modules/@babel/parser/lib/index.js:5114:12)
    at FlowParserMixin.parseArrowExpression (/home/kavia/workspace/code-generation/wavelog-103462-e389e91d/wavelog_main/node_modules/@babel/parser/lib/index.js:11758:10)
    at FlowParserMixin.parseParenAndDistinguishExpression (/home/kavia/workspace/code-generation/wavelog-103462-e389e91d/wavelog_main/node_modules/@babel/parser/lib/index.js:11371:12)
    at FlowParserMixin.parseParenAndDistinguishExpression (/home/kavia/workspace/code-generation/wavelog-103462-e389e91d/wavelog_main/node_modules/@babel/parser/lib/index.js:5815:18)
    at FlowParserMixin.parseExprAtom (/home/kavia/workspace/code-generation/wavelog-103462-e389e91d/wavelog_main/node_modules/@babel/parser/lib/index.js:11006:23)
    at FlowParserMixin.parseExprAtom (/home/kavia/workspace/code-generation/wavelog-103462-e389e91d/wavelog_main/node_modules/@babel/parser/lib/index.js:6937:20)
    at FlowParserMixin.parseExprSubscripts (/home/kavia/workspace/code-generation/wavelog-103462-e389e91d/wavelog_main/node_modules/@babel/parser/lib/index.js:10758:23)
    at FlowParserMixin.parseUpdate (/home/kavia/workspace/code-generation/wavelog-103462-e389e91d/wavelog_main/node_modules/@babel/parser/lib/index.js:10743:21)
    at FlowParserMixin.parseMaybeUnary (/home/kavia/workspace/code-generation/wavelog-103462-e389e91d/wavelog_main/node_modules/@babel/parser/lib/index.js:10723:23)
    at FlowParserMixin.parseMaybeUnaryOrPrivate (/home/kavia/workspace/code-generation/wavelog-103462-e389e91d/wavelog_main/node_modules/@babel/parser/lib/index.js:10576:61)
    at FlowParserMixin.parseExprOps (/home/kavia/workspace/code-generation/wavelog-103462-e389e91d/wavelog_main/node_modules/@babel/parser/lib/index.js:10581:23)
    at FlowParserMixin.parseMaybeConditional (/home/kavia/workspace/code-generation/wavelog-103462-e389e91d/wavelog_main/node_modules/@babel/parser/lib/index.js:10558:23)
    at FlowParserMixin.parseMaybeAssign (/home/kavia/workspace/code-generation/wavelog-103462-e389e91d/wavelog_main/node_modules/@babel/parser/lib/index.js:10521:21)
    at FlowParserMixin.parseMaybeAssign (/home/kavia/workspace/code-generation/wavelog-103462-e389e91d/wavelog_main/node_modules/@babel/parser/lib/index.js:5773:18)
    at /home/kavia/workspace/code-generation/wavelog-103462-e389e91d/wavelog_main/node_modules/@babel/parser/lib/index.js:10491:39
    at FlowParserMixin.allowInAnd (/home/kavia/workspace/code-generation/wavelog-103462-e389e91d/wavelog_main/node_modules/@babel/parser/lib/index.js:12100:12)
    at FlowParserMixin.parseMaybeAssignAllowIn (/home/kavia/workspace/code-generation/wavelog-103462-e389e91d/wavelog_main/node_modules/@babel/parser/lib/index.js:10491:17)
    at FlowParserMixin.parseExprListItem (/home/kavia/workspace/code-generation/wavelog-103462-e389e91d/wavelog_main/node_modules/@babel/parser/lib/index.js:11858:18)

ERROR in [eslint] 
src/App.js
  Line 199:50:  Parsing error: Unexpected token, expected "," (199:50)

webpack compiled with 2 errors
Compiling...
Failed to compile.

[eslint] 
src/App.js
Syntax error: Unexpected token, expected "," (199:50) (199:50)
ERROR in ./src/App.js
Module build failed (from ./node_modules/babel-loader/lib/index.js):
SyntaxError: /home/kavia/workspace/code-generation/wavelog-103462-e389e91d/wavelog_main/src/App.js: Unexpected token, expected "," (199:50)

  197 |     // Simulate daily reminder at app load/daily: for demo, alert on mount once.
  198 |     setTimeout(() => {
> 199 |       alert('🌊 SurfSync: Did you surf today? Don't forget to log your session!');
      |                                                   ^
  200 |     }, 800);
  201 |   }, []);
  202 |
    at constructor (/home/kavia/workspace/code-generation/wavelog-103462-e389e91d/wavelog_main/node_modules/@babel/parser/lib/index.js:360:19)
    at FlowParserMixin.raise (/home/kavia/workspace/code-generation/wavelog-103462-e389e91d/wavelog_main/node_modules/@babel/parser/lib/index.js:3327:19)
    at FlowParserMixin.unexpected (/home/kavia/workspace/code-generation/wavelog-103462-e389e91d/wavelog_main/node_modules/@babel/parser/lib/index.js:3347:16)
    at FlowParserMixin.expect (/home/kavia/workspace/code-generation/wavelog-103462-e389e91d/wavelog_main/node_modules/@babel/parser/lib/index.js:3657:12)
    at FlowParserMixin.parseCallExpressionArguments (/home/kavia/workspace/code-generation/wavelog-103462-e389e91d/wavelog_main/node_modules/@babel/parser/lib/index.js:10918:14)
    at FlowParserMixin.parseCoverCallAndAsyncArrowHead (/home/kavia/workspace/code-generation/wavelog-103462-e389e91d/wavelog_main/node_modules/@babel/parser/lib/index.js:10861:29)
    at FlowParserMixin.parseSubscript (/home/kavia/workspace/code-generation/wavelog-103462-e389e91d/wavelog_main/node_modules/@babel/parser/lib/index.js:10798:19)
    at FlowParserMixin.parseSubscript (/home/kavia/workspace/code-generation/wavelog-103462-e389e91d/wavelog_main/node_modules/@babel/parser/lib/index.js:5874:18)
    at FlowParserMixin.parseSubscripts (/home/kavia/workspace/code-generation/wavelog-103462-e389e91d/wavelog_main/node_modules/@babel/parser/lib/index.js:10771:19)
    at FlowParserMixin.parseSubscripts (/home/kavia/workspace/code-generation/wavelog-103462-e389e91d/wavelog_main/node_modules/@babel/parser/lib/index.js:5840:18)
    at FlowParserMixin.parseExprSubscripts (/home/kavia/workspace/code-generation/wavelog-103462-e389e91d/wavelog_main/node_modules/@babel/parser/lib/index.js:10762:17)
    at FlowParserMixin.parseUpdate (/home/kavia/workspace/code-generation/wavelog-103462-e389e91d/wavelog_main/node_modules/@babel/parser/lib/index.js:10743:21)
    at FlowParserMixin.parseMaybeUnary (/home/kavia/workspace/code-generation/wavelog-103462-e389e91d/wavelog_main/node_modules/@babel/parser/lib/index.js:10723:23)
    at FlowParserMixin.parseMaybeUnaryOrPrivate (/home/kavia/workspace/code-generation/wavelog-103462-e389e91d/wavelog_main/node_modules/@babel/parser/lib/index.js:10576:61)
    at FlowParserMixin.parseExprOps (/home/kavia/workspace/code-generation/wavelog-103462-e389e91d/wavelog_main/node_modules/@babel/parser/lib/index.js:10581:23)
    at FlowParserMixin.parseMaybeConditional (/home/kavia/workspace/code-generation/wavelog-103462-e389e91d/wavelog_main/node_modules/@babel/parser/lib/index.js:10558:23)
    at FlowParserMixin.parseMaybeAssign (/home/kavia/workspace/code-generation/wavelog-103462-e389e91d/wavelog_main/node_modules/@babel/parser/lib/index.js:10521:21)
    at FlowParserMixin.parseMaybeAssign (/home/kavia/workspace/code-generation/wavelog-103462-e389e91d/wavelog_main/node_modules/@babel/parser/lib/index.js:5773:18)
    at FlowParserMixin.parseExpressionBase (/home/kavia/workspace/code-generation/wavelog-103462-e389e91d/wavelog_main/node_modules/@babel/parser/lib/index.js:10475:23)
    at /home/kavia/workspace/code-generation/wavelog-103462-e389e91d/wavelog_main/node_modules/@babel/parser/lib/index.js:10471:39
    at FlowParserMixin.allowInAnd (/home/kavia/workspace/code-generation/wavelog-103462-e389e91d/wavelog_main/node_modules/@babel/parser/lib/index.js:12095:16)
    at FlowParserMixin.parseExpression (/home/kavia/workspace/code-generation/wavelog-103462-e389e91d/wavelog_main/node_modules/@babel/parser/lib/index.js:10471:17)
    at FlowParserMixin.parseStatementContent (/home/kavia/workspace/code-generation/wavelog-103462-e389e91d/wavelog_main/node_modules/@babel/parser/lib/index.js:12539:23)
    at FlowParserMixin.parseStatementLike (/home/kavia/workspace/code-generation/wavelog-103462-e389e91d/wavelog_main/node_modules/@babel/parser/lib/index.js:12406:17)
    at FlowParserMixin.parseStatementLike (/home/kavia/workspace/code-generation/wavelog-103462-e389e91d/wavelog_main/node_modules/@babel/parser/lib/index.js:5140:24)
    at FlowParserMixin.parseStatementListItem (/home/kavia/workspace/code-generation/wavelog-103462-e389e91d/wavelog_main/node_modules/@babel/parser/lib/index.js:12386:17)
    at FlowParserMixin.parseBlockOrModuleBlockBody (/home/kavia/workspace/code-generation/wavelog-103462-e389e91d/wavelog_main/node_modules/@babel/parser/lib/index.js:12960:61)
    at FlowParserMixin.parseBlockBody (/home/kavia/workspace/code-generation/wavelog-103462-e389e91d/wavelog_main/node_modules/@babel/parser/lib/index.js:12953:10)
    at FlowParserMixin.parseBlock (/home/kavia/workspace/code-generation/wavelog-103462-e389e91d/wavelog_main/node_modules/@babel/parser/lib/index.js:12941:10)
    at FlowParserMixin.parseFunctionBody (/home/kavia/workspace/code-generation/wavelog-103462-e389e91d/wavelog_main/node_modules/@babel/parser/lib/index.js:11783:24)
    at /home/kavia/workspace/code-generation/wavelog-103462-e389e91d/wavelog_main/node_modules/@babel/parser/lib/index.js:5114:63
    at FlowParserMixin.forwardNoArrowParamsConversionAt (/home/kavia/workspace/code-generation/wavelog-103462-e389e91d/wavelog_main/node_modules/@babel/parser/lib/index.js:5290:16)
    at FlowParserMixin.parseFunctionBody (/home/kavia/workspace/code-generation/wavelog-103462-e389e91d/wavelog_main/node_modules/@babel/parser/lib/index.js:5114:12)
    at FlowParserMixin.parseArrowExpression (/home/kavia/workspace/code-generation/wavelog-103462-e389e91d/wavelog_main/node_modules/@babel/parser/lib/index.js:11758:10)
    at FlowParserMixin.parseParenAndDistinguishExpression (/home/kavia/workspace/code-generation/wavelog-103462-e389e91d/wavelog_main/node_modules/@babel/parser/lib/index.js:11371:12)
    at FlowParserMixin.parseParenAndDistinguishExpression (/home/kavia/workspace/code-generation/wavelog-103462-e389e91d/wavelog_main/node_modules/@babel/parser/lib/index.js:5815:18)
    at FlowParserMixin.parseExprAtom (/home/kavia/workspace/code-generation/wavelog-103462-e389e91d/wavelog_main/node_modules/@babel/parser/lib/index.js:11006:23)
    at FlowParserMixin.parseExprAtom (/home/kavia/workspace/code-generation/wavelog-103462-e389e91d/wavelog_main/node_modules/@babel/parser/lib/index.js:6937:20)
    at FlowParserMixin.parseExprSubscripts (/home/kavia/workspace/code-generation/wavelog-103462-e389e91d/wavelog_main/node_modules/@babel/parser/lib/index.js:10758:23)
    at FlowParserMixin.parseUpdate (/home/kavia/workspace/code-generation/wavelog-103462-e389e91d/wavelog_main/node_modules/@babel/parser/lib/index.js:10743:21)
    at FlowParserMixin.parseMaybeUnary (/home/kavia/workspace/code-generation/wavelog-103462-e389e91d/wavelog_main/node_modules/@babel/parser/lib/index.js:10723:23)
    at FlowParserMixin.parseMaybeUnaryOrPrivate (/home/kavia/workspace/code-generation/wavelog-103462-e389e91d/wavelog_main/node_modules/@babel/parser/lib/index.js:10576:61)
    at FlowParserMixin.parseExprOps (/home/kavia/workspace/code-generation/wavelog-103462-e389e91d/wavelog_main/node_modules/@babel/parser/lib/index.js:10581:23)
    at FlowParserMixin.parseMaybeConditional (/home/kavia/workspace/code-generation/wavelog-103462-e389e91d/wavelog_main/node_modules/@babel/parser/lib/index.js:10558:23)
    at FlowParserMixin.parseMaybeAssign (/home/kavia/workspace/code-generation/wavelog-103462-e389e91d/wavelog_main/node_modules/@babel/parser/lib/index.js:10521:21)
    at FlowParserMixin.parseMaybeAssign (/home/kavia/workspace/code-generation/wavelog-103462-e389e91d/wavelog_main/node_modules/@babel/parser/lib/index.js:5773:18)
    at /home/kavia/workspace/code-generation/wavelog-103462-e389e91d/wavelog_main/node_modules/@babel/parser/lib/index.js:10491:39
    at FlowParserMixin.allowInAnd (/home/kavia/workspace/code-generation/wavelog-103462-e389e91d/wavelog_main/node_modules/@babel/parser/lib/index.js:12100:12)
    at FlowParserMixin.parseMaybeAssignAllowIn (/home/kavia/workspace/code-generation/wavelog-103462-e389e91d/wavelog_main/node_modules/@babel/parser/lib/index.js:10491:17)
    at FlowParserMixin.parseExprListItem (/home/kavia/workspace/code-generation/wavelog-103462-e389e91d/wavelog_main/node_modules/@babel/parser/lib/index.js:11858:18)

ERROR in [eslint] 
src/App.js
  Line 199:50:  Parsing error: Unexpected token, expected "," (199:50)

webpack compiled with 2 errors
Compiling...
Failed to compile.

[eslint] 
src/App.js
Syntax error: Unexpected token, expected "," (199:50) (199:50)
ERROR in ./src/App.js
Module build failed (from ./node_modules/babel-loader/lib/index.js):
SyntaxError: /home/kavia/workspace/code-generation/wavelog-103462-e389e91d/wavelog_main/src/App.js: Unexpected token, expected "," (199:50)

  197 |     // Simulate daily reminder at app load/daily: for demo, alert on mount once.
  198 |     setTimeout(() => {
> 199 |       alert('🌊 SurfSync: Did you surf today? Don't forget to log your session!');
      |                                                   ^
  200 |     }, 800);
  201 |   }, []);
  202 |
    at constructor (/home/kavia/workspace/code-generation/wavelog-103462-e389e91d/wavelog_main/node_modules/@babel/parser/lib/index.js:360:19)
    at FlowParserMixin.raise (/home/kavia/workspace/code-generation/wavelog-103462-e389e91d/wavelog_main/node_modules/@babel/parser/lib/index.js:3327:19)
    at FlowParserMixin.unexpected (/home/kavia/workspace/code-generation/wavelog-103462-e389e91d/wavelog_main/node_modules/@babel/parser/lib/index.js:3347:16)
    at FlowParserMixin.expect (/home/kavia/workspace/code-generation/wavelog-103462-e389e91d/wavelog_main/node_modules/@babel/parser/lib/index.js:3657:12)
    at FlowParserMixin.parseCallExpressionArguments (/home/kavia/workspace/code-generation/wavelog-103462-e389e91d/wavelog_main/node_modules/@babel/parser/lib/index.js:10918:14)
    at FlowParserMixin.parseCoverCallAndAsyncArrowHead (/home/kavia/workspace/code-generation/wavelog-103462-e389e91d/wavelog_main/node_modules/@babel/parser/lib/index.js:10861:29)
    at FlowParserMixin.parseSubscript (/home/kavia/workspace/code-generation/wavelog-103462-e389e91d/wavelog_main/node_modules/@babel/parser/lib/index.js:10798:19)
    at FlowParserMixin.parseSubscript (/home/kavia/workspace/code-generation/wavelog-103462-e389e91d/wavelog_main/node_modules/@babel/parser/lib/index.js:5874:18)
    at FlowParserMixin.parseSubscripts (/home/kavia/workspace/code-generation/wavelog-103462-e389e91d/wavelog_main/node_modules/@babel/parser/lib/index.js:10771:19)
    at FlowParserMixin.parseSubscripts (/home/kavia/workspace/code-generation/wavelog-103462-e389e91d/wavelog_main/node_modules/@babel/parser/lib/index.js:5840:18)
    at FlowParserMixin.parseExprSubscripts (/home/kavia/workspace/code-generation/wavelog-103462-e389e91d/wavelog_main/node_modules/@babel/parser/lib/index.js:10762:17)
    at FlowParserMixin.parseUpdate (/home/kavia/workspace/code-generation/wavelog-103462-e389e91d/wavelog_main/node_modules/@babel/parser/lib/index.js:10743:21)
    at FlowParserMixin.parseMaybeUnary (/home/kavia/workspace/code-generation/wavelog-103462-e389e91d/wavelog_main/node_modules/@babel/parser/lib/index.js:10723:23)
    at FlowParserMixin.parseMaybeUnaryOrPrivate (/home/kavia/workspace/code-generation/wavelog-103462-e389e91d/wavelog_main/node_modules/@babel/parser/lib/index.js:10576:61)
    at FlowParserMixin.parseExprOps (/home/kavia/workspace/code-generation/wavelog-103462-e389e91d/wavelog_main/node_modules/@babel/parser/lib/index.js:10581:23)
    at FlowParserMixin.parseMaybeConditional (/home/kavia/workspace/code-generation/wavelog-103462-e389e91d/wavelog_main/node_modules/@babel/parser/lib/index.js:10558:23)
    at FlowParserMixin.parseMaybeAssign (/home/kavia/workspace/code-generation/wavelog-103462-e389e91d/wavelog_main/node_modules/@babel/parser/lib/index.js:10521:21)
    at FlowParserMixin.parseMaybeAssign (/home/kavia/workspace/code-generation/wavelog-103462-e389e91d/wavelog_main/node_modules/@babel/parser/lib/index.js:5773:18)
    at FlowParserMixin.parseExpressionBase (/home/kavia/workspace/code-generation/wavelog-103462-e389e91d/wavelog_main/node_modules/@babel/parser/lib/index.js:10475:23)
    at /home/kavia/workspace/code-generation/wavelog-103462-e389e91d/wavelog_main/node_modules/@babel/parser/lib/index.js:10471:39
    at FlowParserMixin.allowInAnd (/home/kavia/workspace/code-generation/wavelog-103462-e389e91d/wavelog_main/node_modules/@babel/parser/lib/index.js:12095:16)
    at FlowParserMixin.parseExpression (/home/kavia/workspace/code-generation/wavelog-103462-e389e91d/wavelog_main/node_modules/@babel/parser/lib/index.js:10471:17)
    at FlowParserMixin.parseStatementContent (/home/kavia/workspace/code-generation/wavelog-103462-e389e91d/wavelog_main/node_modules/@babel/parser/lib/index.js:12539:23)
    at FlowParserMixin.parseStatementLike (/home/kavia/workspace/code-generation/wavelog-103462-e389e91d/wavelog_main/node_modules/@babel/parser/lib/index.js:12406:17)
    at FlowParserMixin.parseStatementLike (/home/kavia/workspace/code-generation/wavelog-103462-e389e91d/wavelog_main/node_modules/@babel/parser/lib/index.js:5140:24)
    at FlowParserMixin.parseStatementListItem (/home/kavia/workspace/code-generation/wavelog-103462-e389e91d/wavelog_main/node_modules/@babel/parser/lib/index.js:12386:17)
    at FlowParserMixin.parseBlockOrModuleBlockBody (/home/kavia/workspace/code-generation/wavelog-103462-e389e91d/wavelog_main/node_modules/@babel/parser/lib/index.js:12960:61)
    at FlowParserMixin.parseBlockBody (/home/kavia/workspace/code-generation/wavelog-103462-e389e91d/wavelog_main/node_modules/@babel/parser/lib/index.js:12953:10)
    at FlowParserMixin.parseBlock (/home/kavia/workspace/code-generation/wavelog-103462-e389e91d/wavelog_main/node_modules/@babel/parser/lib/index.js:12941:10)
    at FlowParserMixin.parseFunctionBody (/home/kavia/workspace/code-generation/wavelog-103462-e389e91d/wavelog_main/node_modules/@babel/parser/lib/index.js:11783:24)
    at /home/kavia/workspace/code-generation/wavelog-103462-e389e91d/wavelog_main/node_modules/@babel/parser/lib/index.js:5114:63
    at FlowParserMixin.forwardNoArrowParamsConversionAt (/home/kavia/workspace/code-generation/wavelog-103462-e389e91d/wavelog_main/node_modules/@babel/parser/lib/index.js:5290:16)
    at FlowParserMixin.parseFunctionBody (/home/kavia/workspace/code-generation/wavelog-103462-e389e91d/wavelog_main/node_modules/@babel/parser/lib/index.js:5114:12)
    at FlowParserMixin.parseArrowExpression (/home/kavia/workspace/code-generation/wavelog-103462-e389e91d/wavelog_main/node_modules/@babel/parser/lib/index.js:11758:10)
    at FlowParserMixin.parseParenAndDistinguishExpression (/home/kavia/workspace/code-generation/wavelog-103462-e389e91d/wavelog_main/node_modules/@babel/parser/lib/index.js:11371:12)
    at FlowParserMixin.parseParenAndDistinguishExpression (/home/kavia/workspace/code-generation/wavelog-103462-e389e91d/wavelog_main/node_modules/@babel/parser/lib/index.js:5815:18)
    at FlowParserMixin.parseExprAtom (/home/kavia/workspace/code-generation/wavelog-103462-e389e91d/wavelog_main/node_modules/@babel/parser/lib/index.js:11006:23)
    at FlowParserMixin.parseExprAtom (/home/kavia/workspace/code-generation/wavelog-103462-e389e91d/wavelog_main/node_modules/@babel/parser/lib/index.js:6937:20)
    at FlowParserMixin.parseExprSubscripts (/home/kavia/workspace/code-generation/wavelog-103462-e389e91d/wavelog_main/node_modules/@babel/parser/lib/index.js:10758:23)
    at FlowParserMixin.parseUpdate (/home/kavia/workspace/code-generation/wavelog-103462-e389e91d/wavelog_main/node_modules/@babel/parser/lib/index.js:10743:21)
    at FlowParserMixin.parseMaybeUnary (/home/kavia/workspace/code-generation/wavelog-103462-e389e91d/wavelog_main/node_modules/@babel/parser/lib/index.js:10723:23)
    at FlowParserMixin.parseMaybeUnaryOrPrivate (/home/kavia/workspace/code-generation/wavelog-103462-e389e91d/wavelog_main/node_modules/@babel/parser/lib/index.js:10576:61)
    at FlowParserMixin.parseExprOps (/home/kavia/workspace/code-generation/wavelog-103462-e389e91d/wavelog_main/node_modules/@babel/parser/lib/index.js:10581:23)
    at FlowParserMixin.parseMaybeConditional (/home/kavia/workspace/code-generation/wavelog-103462-e389e91d/wavelog_main/node_modules/@babel/parser/lib/index.js:10558:23)
    at FlowParserMixin.parseMaybeAssign (/home/kavia/workspace/code-generation/wavelog-103462-e389e91d/wavelog_main/node_modules/@babel/parser/lib/index.js:10521:21)
    at FlowParserMixin.parseMaybeAssign (/home/kavia/workspace/code-generation/wavelog-103462-e389e91d/wavelog_main/node_modules/@babel/parser/lib/index.js:5773:18)
    at /home/kavia/workspace/code-generation/wavelog-103462-e389e91d/wavelog_main/node_modules/@babel/parser/lib/index.js:10491:39
    at FlowParserMixin.allowInAnd (/home/kavia/workspace/code-generation/wavelog-103462-e389e91d/wavelog_main/node_modules/@babel/parser/lib/index.js:12100:12)
    at FlowParserMixin.parseMaybeAssignAllowIn (/home/kavia/workspace/code-generation/wavelog-103462-e389e91d/wavelog_main/node_modules/@babel/parser/lib/index.js:10491:17)
    at FlowParserMixin.parseExprListItem (/home/kavia/workspace/code-generation/wavelog-103462-e389e91d/wavelog_main/node_modules/@babel/parser/lib/index.js:11858:18)

ERROR in [eslint] 
src/App.js
  Line 199:50:  Parsing error: Unexpected token, expected "," (199:50)

webpack compiled with 2 errors
Compiling...
Failed to compile.

[eslint] 
src/App.js
Syntax error: Unexpected token, expected "," (199:50) (199:50)
ERROR in ./src/App.js
Module build failed (from ./node_modules/babel-loader/lib/index.js):
SyntaxError: /home/kavia/workspace/code-generation/wavelog-103462-e389e91d/wavelog_main/src/App.js: Unexpected token, expected "," (199:50)

  197 |     // Simulate daily reminder at app load/daily: for demo, alert on mount once.
  198 |     setTimeout(() => {
> 199 |       alert('🌊 SurfSync: Did you surf today? Don't forget to log your session!');
      |                                                   ^
  200 |     }, 800);
  201 |   }, []);
  202 |
    at constructor (/home/kavia/workspace/code-generation/wavelog-103462-e389e91d/wavelog_main/node_modules/@babel/parser/lib/index.js:360:19)
    at FlowParserMixin.raise (/home/kavia/workspace/code-generation/wavelog-103462-e389e91d/wavelog_main/node_modules/@babel/parser/lib/index.js:3327:19)
    at FlowParserMixin.unexpected (/home/kavia/workspace/code-generation/wavelog-103462-e389e91d/wavelog_main/node_modules/@babel/parser/lib/index.js:3347:16)
    at FlowParserMixin.expect (/home/kavia/workspace/code-generation/wavelog-103462-e389e91d/wavelog_main/node_modules/@babel/parser/lib/index.js:3657:12)
    at FlowParserMixin.parseCallExpressionArguments (/home/kavia/workspace/code-generation/wavelog-103462-e389e91d/wavelog_main/node_modules/@babel/parser/lib/index.js:10918:14)
    at FlowParserMixin.parseCoverCallAndAsyncArrowHead (/home/kavia/workspace/code-generation/wavelog-103462-e389e91d/wavelog_main/node_modules/@babel/parser/lib/index.js:10861:29)
    at FlowParserMixin.parseSubscript (/home/kavia/workspace/code-generation/wavelog-103462-e389e91d/wavelog_main/node_modules/@babel/parser/lib/index.js:10798:19)
    at FlowParserMixin.parseSubscript (/home/kavia/workspace/code-generation/wavelog-103462-e389e91d/wavelog_main/node_modules/@babel/parser/lib/index.js:5874:18)
    at FlowParserMixin.parseSubscripts (/home/kavia/workspace/code-generation/wavelog-103462-e389e91d/wavelog_main/node_modules/@babel/parser/lib/index.js:10771:19)
    at FlowParserMixin.parseSubscripts (/home/kavia/workspace/code-generation/wavelog-103462-e389e91d/wavelog_main/node_modules/@babel/parser/lib/index.js:5840:18)
    at FlowParserMixin.parseExprSubscripts (/home/kavia/workspace/code-generation/wavelog-103462-e389e91d/wavelog_main/node_modules/@babel/parser/lib/index.js:10762:17)
    at FlowParserMixin.parseUpdate (/home/kavia/workspace/code-generation/wavelog-103462-e389e91d/wavelog_main/node_modules/@babel/parser/lib/index.js:10743:21)
    at FlowParserMixin.parseMaybeUnary (/home/kavia/workspace/code-generation/wavelog-103462-e389e91d/wavelog_main/node_modules/@babel/parser/lib/index.js:10723:23)
    at FlowParserMixin.parseMaybeUnaryOrPrivate (/home/kavia/workspace/code-generation/wavelog-103462-e389e91d/wavelog_main/node_modules/@babel/parser/lib/index.js:10576:61)
    at FlowParserMixin.parseExprOps (/home/kavia/workspace/code-generation/wavelog-103462-e389e91d/wavelog_main/node_modules/@babel/parser/lib/index.js:10581:23)
    at FlowParserMixin.parseMaybeConditional (/home/kavia/workspace/code-generation/wavelog-103462-e389e91d/wavelog_main/node_modules/@babel/parser/lib/index.js:10558:23)
    at FlowParserMixin.parseMaybeAssign (/home/kavia/workspace/code-generation/wavelog-103462-e389e91d/wavelog_main/node_modules/@babel/parser/lib/index.js:10521:21)
    at FlowParserMixin.parseMaybeAssign (/home/kavia/workspace/code-generation/wavelog-103462-e389e91d/wavelog_main/node_modules/@babel/parser/lib/index.js:5773:18)
    at FlowParserMixin.parseExpressionBase (/home/kavia/workspace/code-generation/wavelog-103462-e389e91d/wavelog_main/node_modules/@babel/parser/lib/index.js:10475:23)
    at /home/kavia/workspace/code-generation/wavelog-103462-e389e91d/wavelog_main/node_modules/@babel/parser/lib/index.js:10471:39
    at FlowParserMixin.allowInAnd (/home/kavia/workspace/code-generation/wavelog-103462-e389e91d/wavelog_main/node_modules/@babel/parser/lib/index.js:12095:16)
    at FlowParserMixin.parseExpression (/home/kavia/workspace/code-generation/wavelog-103462-e389e91d/wavelog_main/node_modules/@babel/parser/lib/index.js:10471:17)
    at FlowParserMixin.parseStatementContent (/home/kavia/workspace/code-generation/wavelog-103462-e389e91d/wavelog_main/node_modules/@babel/parser/lib/index.js:12539:23)
    at FlowParserMixin.parseStatementLike (/home/kavia/workspace/code-generation/wavelog-103462-e389e91d/wavelog_main/node_modules/@babel/parser/lib/index.js:12406:17)
    at FlowParserMixin.parseStatementLike (/home/kavia/workspace/code-generation/wavelog-103462-e389e91d/wavelog_main/node_modules/@babel/parser/lib/index.js:5140:24)
    at FlowParserMixin.parseStatementListItem (/home/kavia/workspace/code-generation/wavelog-103462-e389e91d/wavelog_main/node_modules/@babel/parser/lib/index.js:12386:17)
    at FlowParserMixin.parseBlockOrModuleBlockBody (/home/kavia/workspace/code-generation/wavelog-103462-e389e91d/wavelog_main/node_modules/@babel/parser/lib/index.js:12960:61)
    at FlowParserMixin.parseBlockBody (/home/kavia/workspace/code-generation/wavelog-103462-e389e91d/wavelog_main/node_modules/@babel/parser/lib/index.js:12953:10)
    at FlowParserMixin.parseBlock (/home/kavia/workspace/code-generation/wavelog-103462-e389e91d/wavelog_main/node_modules/@babel/parser/lib/index.js:12941:10)
    at FlowParserMixin.parseFunctionBody (/home/kavia/workspace/code-generation/wavelog-103462-e389e91d/wavelog_main/node_modules/@babel/parser/lib/index.js:11783:24)
    at /home/kavia/workspace/code-generation/wavelog-103462-e389e91d/wavelog_main/node_modules/@babel/parser/lib/index.js:5114:63
    at FlowParserMixin.forwardNoArrowParamsConversionAt (/home/kavia/workspace/code-generation/wavelog-103462-e389e91d/wavelog_main/node_modules/@babel/parser/lib/index.js:5290:16)
    at FlowParserMixin.parseFunctionBody (/home/kavia/workspace/code-generation/wavelog-103462-e389e91d/wavelog_main/node_modules/@babel/parser/lib/index.js:5114:12)
    at FlowParserMixin.parseArrowExpression (/home/kavia/workspace/code-generation/wavelog-103462-e389e91d/wavelog_main/node_modules/@babel/parser/lib/index.js:11758:10)
    at FlowParserMixin.parseParenAndDistinguishExpression (/home/kavia/workspace/code-generation/wavelog-103462-e389e91d/wavelog_main/node_modules/@babel/parser/lib/index.js:11371:12)
    at FlowParserMixin.parseParenAndDistinguishExpression (/home/kavia/workspace/code-generation/wavelog-103462-e389e91d/wavelog_main/node_modules/@babel/parser/lib/index.js:5815:18)
    at FlowParserMixin.parseExprAtom (/home/kavia/workspace/code-generation/wavelog-103462-e389e91d/wavelog_main/node_modules/@babel/parser/lib/index.js:11006:23)
    at FlowParserMixin.parseExprAtom (/home/kavia/workspace/code-generation/wavelog-103462-e389e91d/wavelog_main/node_modules/@babel/parser/lib/index.js:6937:20)
    at FlowParserMixin.parseExprSubscripts (/home/kavia/workspace/code-generation/wavelog-103462-e389e91d/wavelog_main/node_modules/@babel/parser/lib/index.js:10758:23)
    at FlowParserMixin.parseUpdate (/home/kavia/workspace/code-generation/wavelog-103462-e389e91d/wavelog_main/node_modules/@babel/parser/lib/index.js:10743:21)
    at FlowParserMixin.parseMaybeUnary (/home/kavia/workspace/code-generation/wavelog-103462-e389e91d/wavelog_main/node_modules/@babel/parser/lib/index.js:10723:23)
    at FlowParserMixin.parseMaybeUnaryOrPrivate (/home/kavia/workspace/code-generation/wavelog-103462-e389e91d/wavelog_main/node_modules/@babel/parser/lib/index.js:10576:61)
    at FlowParserMixin.parseExprOps (/home/kavia/workspace/code-generation/wavelog-103462-e389e91d/wavelog_main/node_modules/@babel/parser/lib/index.js:10581:23)
    at FlowParserMixin.parseMaybeConditional (/home/kavia/workspace/code-generation/wavelog-103462-e389e91d/wavelog_main/node_modules/@babel/parser/lib/index.js:10558:23)
    at FlowParserMixin.parseMaybeAssign (/home/kavia/workspace/code-generation/wavelog-103462-e389e91d/wavelog_main/node_modules/@babel/parser/lib/index.js:10521:21)
    at FlowParserMixin.parseMaybeAssign (/home/kavia/workspace/code-generation/wavelog-103462-e389e91d/wavelog_main/node_modules/@babel/parser/lib/index.js:5773:18)
    at /home/kavia/workspace/code-generation/wavelog-103462-e389e91d/wavelog_main/node_modules/@babel/parser/lib/index.js:10491:39
    at FlowParserMixin.allowInAnd (/home/kavia/workspace/code-generation/wavelog-103462-e389e91d/wavelog_main/node_modules/@babel/parser/lib/index.js:12100:12)
    at FlowParserMixin.parseMaybeAssignAllowIn (/home/kavia/workspace/code-generation/wavelog-103462-e389e91d/wavelog_main/node_modules/@babel/parser/lib/index.js:10491:17)
    at FlowParserMixin.parseExprListItem (/home/kavia/workspace/code-generation/wavelog-103462-e389e91d/wavelog_main/node_modules/@babel/parser/lib/index.js:11858:18)

ERROR in [eslint] 
src/App.js
  Line 199:50:  Parsing error: Unexpected token, expected "," (199:50)

webpack compiled with 2 errors
Compiling...
Failed to compile.

[eslint] 
src/App.js
Syntax error: Unexpected token, expected "," (199:50) (199:50)
ERROR in ./src/App.js
Module build failed (from ./node_modules/babel-loader/lib/index.js):
SyntaxError: /home/kavia/workspace/code-generation/wavelog-103462-e389e91d/wavelog_main/src/App.js: Unexpected token, expected "," (199:50)

  197 |     // Simulate daily reminder at app load/daily: for demo, alert on mount once.
  198 |     setTimeout(() => {
> 199 |       alert('🌊 SurfSync: Did you surf today? Don't forget to log your session!');
      |                                                   ^
  200 |     }, 800);
  201 |   }, []);
  202 |
    at constructor (/home/kavia/workspace/code-generation/wavelog-103462-e389e91d/wavelog_main/node_modules/@babel/parser/lib/index.js:360:19)
    at FlowParserMixin.raise (/home/kavia/workspace/code-generation/wavelog-103462-e389e91d/wavelog_main/node_modules/@babel/parser/lib/index.js:3327:19)
    at FlowParserMixin.unexpected (/home/kavia/workspace/code-generation/wavelog-103462-e389e91d/wavelog_main/node_modules/@babel/parser/lib/index.js:3347:16)
    at FlowParserMixin.expect (/home/kavia/workspace/code-generation/wavelog-103462-e389e91d/wavelog_main/node_modules/@babel/parser/lib/index.js:3657:12)
    at FlowParserMixin.parseCallExpressionArguments (/home/kavia/workspace/code-generation/wavelog-103462-e389e91d/wavelog_main/node_modules/@babel/parser/lib/index.js:10918:14)
    at FlowParserMixin.parseCoverCallAndAsyncArrowHead (/home/kavia/workspace/code-generation/wavelog-103462-e389e91d/wavelog_main/node_modules/@babel/parser/lib/index.js:10861:29)
    at FlowParserMixin.parseSubscript (/home/kavia/workspace/code-generation/wavelog-103462-e389e91d/wavelog_main/node_modules/@babel/parser/lib/index.js:10798:19)
    at FlowParserMixin.parseSubscript (/home/kavia/workspace/code-generation/wavelog-103462-e389e91d/wavelog_main/node_modules/@babel/parser/lib/index.js:5874:18)
    at FlowParserMixin.parseSubscripts (/home/kavia/workspace/code-generation/wavelog-103462-e389e91d/wavelog_main/node_modules/@babel/parser/lib/index.js:10771:19)
    at FlowParserMixin.parseSubscripts (/home/kavia/workspace/code-generation/wavelog-103462-e389e91d/wavelog_main/node_modules/@babel/parser/lib/index.js:5840:18)
    at FlowParserMixin.parseExprSubscripts (/home/kavia/workspace/code-generation/wavelog-103462-e389e91d/wavelog_main/node_modules/@babel/parser/lib/index.js:10762:17)
    at FlowParserMixin.parseUpdate (/home/kavia/workspace/code-generation/wavelog-103462-e389e91d/wavelog_main/node_modules/@babel/parser/lib/index.js:10743:21)
    at FlowParserMixin.parseMaybeUnary (/home/kavia/workspace/code-generation/wavelog-103462-e389e91d/wavelog_main/node_modules/@babel/parser/lib/index.js:10723:23)
    at FlowParserMixin.parseMaybeUnaryOrPrivate (/home/kavia/workspace/code-generation/wavelog-103462-e389e91d/wavelog_main/node_modules/@babel/parser/lib/index.js:10576:61)
    at FlowParserMixin.parseExprOps (/home/kavia/workspace/code-generation/wavelog-103462-e389e91d/wavelog_main/node_modules/@babel/parser/lib/index.js:10581:23)
    at FlowParserMixin.parseMaybeConditional (/home/kavia/workspace/code-generation/wavelog-103462-e389e91d/wavelog_main/node_modules/@babel/parser/lib/index.js:10558:23)
    at FlowParserMixin.parseMaybeAssign (/home/kavia/workspace/code-generation/wavelog-103462-e389e91d/wavelog_main/node_modules/@babel/parser/lib/index.js:10521:21)
    at FlowParserMixin.parseMaybeAssign (/home/kavia/workspace/code-generation/wavelog-103462-e389e91d/wavelog_main/node_modules/@babel/parser/lib/index.js:5773:18)
    at FlowParserMixin.parseExpressionBase (/home/kavia/workspace/code-generation/wavelog-103462-e389e91d/wavelog_main/node_modules/@babel/parser/lib/index.js:10475:23)
    at /home/kavia/workspace/code-generation/wavelog-103462-e389e91d/wavelog_main/node_modules/@babel/parser/lib/index.js:10471:39
    at FlowParserMixin.allowInAnd (/home/kavia/workspace/code-generation/wavelog-103462-e389e91d/wavelog_main/node_modules/@babel/parser/lib/index.js:12095:16)
    at FlowParserMixin.parseExpression (/home/kavia/workspace/code-generation/wavelog-103462-e389e91d/wavelog_main/node_modules/@babel/parser/lib/index.js:10471:17)
    at FlowParserMixin.parseStatementContent (/home/kavia/workspace/code-generation/wavelog-103462-e389e91d/wavelog_main/node_modules/@babel/parser/lib/index.js:12539:23)
    at FlowParserMixin.parseStatementLike (/home/kavia/workspace/code-generation/wavelog-103462-e389e91d/wavelog_main/node_modules/@babel/parser/lib/index.js:12406:17)
    at FlowParserMixin.parseStatementLike (/home/kavia/workspace/code-generation/wavelog-103462-e389e91d/wavelog_main/node_modules/@babel/parser/lib/index.js:5140:24)
    at FlowParserMixin.parseStatementListItem (/home/kavia/workspace/code-generation/wavelog-103462-e389e91d/wavelog_main/node_modules/@babel/parser/lib/index.js:12386:17)
    at FlowParserMixin.parseBlockOrModuleBlockBody (/home/kavia/workspace/code-generation/wavelog-103462-e389e91d/wavelog_main/node_modules/@babel/parser/lib/index.js:12960:61)
    at FlowParserMixin.parseBlockBody (/home/kavia/workspace/code-generation/wavelog-103462-e389e91d/wavelog_main/node_modules/@babel/parser/lib/index.js:12953:10)
    at FlowParserMixin.parseBlock (/home/kavia/workspace/code-generation/wavelog-103462-e389e91d/wavelog_main/node_modules/@babel/parser/lib/index.js:12941:10)
    at FlowParserMixin.parseFunctionBody (/home/kavia/workspace/code-generation/wavelog-103462-e389e91d/wavelog_main/node_modules/@babel/parser/lib/index.js:11783:24)
    at /home/kavia/workspace/code-generation/wavelog-103462-e389e91d/wavelog_main/node_modules/@babel/parser/lib/index.js:5114:63
    at FlowParserMixin.forwardNoArrowParamsConversionAt (/home/kavia/workspace/code-generation/wavelog-103462-e389e91d/wavelog_main/node_modules/@babel/parser/lib/index.js:5290:16)
    at FlowParserMixin.parseFunctionBody (/home/kavia/workspace/code-generation/wavelog-103462-e389e91d/wavelog_main/node_modules/@babel/parser/lib/index.js:5114:12)
    at FlowParserMixin.parseArrowExpression (/home/kavia/workspace/code-generation/wavelog-103462-e389e91d/wavelog_main/node_modules/@babel/parser/lib/index.js:11758:10)
    at FlowParserMixin.parseParenAndDistinguishExpression (/home/kavia/workspace/code-generation/wavelog-103462-e389e91d/wavelog_main/node_modules/@babel/parser/lib/index.js:11371:12)
    at FlowParserMixin.parseParenAndDistinguishExpression (/home/kavia/workspace/code-generation/wavelog-103462-e389e91d/wavelog_main/node_modules/@babel/parser/lib/index.js:5815:18)
    at FlowParserMixin.parseExprAtom (/home/kavia/workspace/code-generation/wavelog-103462-e389e91d/wavelog_main/node_modules/@babel/parser/lib/index.js:11006:23)
    at FlowParserMixin.parseExprAtom (/home/kavia/workspace/code-generation/wavelog-103462-e389e91d/wavelog_main/node_modules/@babel/parser/lib/index.js:6937:20)
    at FlowParserMixin.parseExprSubscripts (/home/kavia/workspace/code-generation/wavelog-103462-e389e91d/wavelog_main/node_modules/@babel/parser/lib/index.js:10758:23)
    at FlowParserMixin.parseUpdate (/home/kavia/workspace/code-generation/wavelog-103462-e389e91d/wavelog_main/node_modules/@babel/parser/lib/index.js:10743:21)
    at FlowParserMixin.parseMaybeUnary (/home/kavia/workspace/code-generation/wavelog-103462-e389e91d/wavelog_main/node_modules/@babel/parser/lib/index.js:10723:23)
    at FlowParserMixin.parseMaybeUnaryOrPrivate (/home/kavia/workspace/code-generation/wavelog-103462-e389e91d/wavelog_main/node_modules/@babel/parser/lib/index.js:10576:61)
    at FlowParserMixin.parseExprOps (/home/kavia/workspace/code-generation/wavelog-103462-e389e91d/wavelog_main/node_modules/@babel/parser/lib/index.js:10581:23)
    at FlowParserMixin.parseMaybeConditional (/home/kavia/workspace/code-generation/wavelog-103462-e389e91d/wavelog_main/node_modules/@babel/parser/lib/index.js:10558:23)
    at FlowParserMixin.parseMaybeAssign (/home/kavia/workspace/code-generation/wavelog-103462-e389e91d/wavelog_main/node_modules/@babel/parser/lib/index.js:10521:21)
    at FlowParserMixin.parseMaybeAssign (/home/kavia/workspace/code-generation/wavelog-103462-e389e91d/wavelog_main/node_modules/@babel/parser/lib/index.js:5773:18)
    at /home/kavia/workspace/code-generation/wavelog-103462-e389e91d/wavelog_main/node_modules/@babel/parser/lib/index.js:10491:39
    at FlowParserMixin.allowInAnd (/home/kavia/workspace/code-generation/wavelog-103462-e389e91d/wavelog_main/node_modules/@babel/parser/lib/index.js:12100:12)
    at FlowParserMixin.parseMaybeAssignAllowIn (/home/kavia/workspace/code-generation/wavelog-103462-e389e91d/wavelog_main/node_modules/@babel/parser/lib/index.js:10491:17)
    at FlowParserMixin.parseExprListItem (/home/kavia/workspace/code-generation/wavelog-103462-e389e91d/wavelog_main/node_modules/@babel/parser/lib/index.js:11858:18)

ERROR in [eslint] 
src/App.js
  Line 199:50:  Parsing error: Unexpected token, expected "," (199:50)

webpack compiled with 2 errors
